450967
96426143
450967
128115504
96426143
111478421
169666312
76075557
794823971
286303256
43818494
169666312
391956731
128115504
128115504
43818494
43818494
128115504
128115504
450967
128115504
128115504
154724137
450967
450967
43818494
43818494
450967
450967
43818494
43818494
43818494
43818494
450967
96426143
43818494
857763493
128115504
154724137
128115504
450967
128115504
43818494
450967
128115504
43818494
450967
450967
450967
43818494
128115504
96426143
123027197
123027197
111478421
128115504
857763493
286303256
43818494
450967
